
Router#configure terminal
Enter configuration commands, one per line.  End with CNTL/Z.
Router(config)#router rip
Router(config-router)#version 2
Router(config-router)#network 30.0.0.0
Router(config-router)#network 40.0.0.0
Router(config-router)#network 50.0.0.0










Router>enable
Router#show ip protocol
Routing Protocol is "rip"
Sending updates every 30 seconds, next due in 20 seconds
Invalid after 180 seconds, hold down 180, flushed after 240
Outgoing update filter list for all interfaces is not set
Incoming update filter list for all interfaces is not set
Redistributing: rip
Default version control: send version 2, receive 2
  Interface             Send  Recv  Triggered RIP  Key-chain
  GigabitEthernet0/0/0  2     2     
  GigabitEthernet0/0/1  2     2     
  Serial0/1/0           2     2     
Automatic network summarization is in effect
Maximum path: 4
Routing for Networks:
	30.0.0.0
	40.0.0.0
	50.0.0.0
Passive Interface(s):
Routing Information Sources:
	Gateway         Distance      Last Update
	50.0.0.1             120      00:00:12
Distance: (default is 120)
Router#show ip rout
Codes: L - local, C - connected, S - static, R - RIP, M - mobile, B - BGP
       D - EIGRP, EX - EIGRP external, O - OSPF, IA - OSPF inter area
       N1 - OSPF NSSA external type 1, N2 - OSPF NSSA external type 2
       E1 - OSPF external type 1, E2 - OSPF external type 2, E - EGP
       i - IS-IS, L1 - IS-IS level-1, L2 - IS-IS level-2, ia - IS-IS inter area
       * - candidate default, U - per-user static route, o - ODR
       P - periodic downloaded static route

Gateway of last resort is not set

R    10.0.0.0/8 [120/1] via 50.0.0.1, 00:00:05, Serial0/1/0
R    20.0.0.0/8 [120/1] via 50.0.0.1, 00:00:05, Serial0/1/0
     30.0.0.0/8 is variably subnetted, 2 subnets, 2 masks
C       30.0.0.0/8 is directly connected, GigabitEthernet0/0/1
L       30.0.0.1/32 is directly connected, GigabitEthernet0/0/1
     40.0.0.0/8 is variably subnetted, 2 subnets, 2 masks
C       40.0.0.0/8 is directly connected, GigabitEthernet0/0/0
L       40.0.0.1/32 is directly connected, GigabitEthernet0/0/0
     50.0.0.0/8 is variably subnetted, 2 subnets, 2 masks
C       50.0.0.0/8 is directly connected, Serial0/1/0
L       50.0.0.2/32 is directly connected, Serial0/1/0

Router#show ip rip database
10.0.0.0/8    auto-summary
10.0.0.0/8
    [1] via 50.0.0.1, 00:00:08, Serial0/1/0
20.0.0.0/8    auto-summary
20.0.0.0/8
    [1] via 50.0.0.1, 00:00:08, Serial0/1/0
30.0.0.0/8    auto-summary
30.0.0.0/8    directly connected, GigabitEthernet0/0/1
40.0.0.0/8    auto-summary
40.0.0.0/8    directly connected, GigabitEthernet0/0/0
50.0.0.0/8    auto-summary
50.0.0.0/8    directly connected, Serial0/1/0
Router#